91395539555515513913
86c693c69553853c46aa
8153ac556956c3a9556a
aa92c39394513ac6953a
ac2a92c04156c6938546
83aaaafafaffffac4513
c6aaaafef8557fa93946
952c6afffaffffc6aa93
83c15293fafd5515282a
ac3c3c6afaffffa96aaa
a969693a969553ac386a
c29056aac3a93c43aa92
9686952c506aa93ac2aa
83a943c51692aaac52aa
c44454554546c6c55446

1,1
18,13
WSESSESSSSEEESENESSSSEEENNEEESEESSEESEN
